------------------------------------------------------------
Timing Analyzer Summary
------------------------------------------------------------

Type  : Slow 1200mV 85C Model Setup 'clock'
Slack : -10.729
TNS   : -4068.178

Type  : Slow 1200mV 85C Model Setup 'SerialBlock:serialblock_inst|ClockDiv:sclockdiv_inst|internal_clock'
Slack : -7.534
TNS   : -76.714

Type  : Slow 1200mV 85C Model Setup 'SerialBlock:serialblock_inst|reader_trigger'
Slack : -5.634
TNS   : -447.987

Type  : Slow 1200mV 85C Model Setup 'nreset'
Slack : -2.175
TNS   : -4.232

Type  : Slow 1200mV 85C Model Hold 'SerialBlock:serialblock_inst|ClockDiv:sclockdiv_inst|internal_clock'
Slack : 0.344
TNS   : 0.000

Type  : Slow 1200mV 85C Model Hold 'clock'
Slack : 0.409
TNS   : 0.000

Type  : Slow 1200mV 85C Model Hold 'SerialBlock:serialblock_inst|reader_trigger'
Slack : 0.453
TNS   : 0.000

Type  : Slow 1200mV 85C Model Hold 'nreset'
Slack : 1.283
TNS   : 0.000

Type  : Slow 1200mV 85C Model Recovery 'clock'
Slack : -3.116
TNS   : -23.232

Type  : Slow 1200mV 85C Model Recovery 'nreset'
Slack : -2.267
TNS   : -4.406

Type  : Slow 1200mV 85C Model Recovery 'SerialBlock:serialblock_inst|reader_trigger'
Slack : -0.168
TNS   : -11.827

Type  : Slow 1200mV 85C Model Recovery 'SerialBlock:serialblock_inst|ClockDiv:sclockdiv_inst|internal_clock'
Slack : 0.850
TNS   : 0.000

Type  : Slow 1200mV 85C Model Removal 'SerialBlock:serialblock_inst|ClockDiv:sclockdiv_inst|internal_clock'
Slack : -0.943
TNS   : -8.392

Type  : Slow 1200mV 85C Model Removal 'clock'
Slack : -0.117
TNS   : -11.985

Type  : Slow 1200mV 85C Model Removal 'SerialBlock:serialblock_inst|reader_trigger'
Slack : 0.125
TNS   : 0.000

Type  : Slow 1200mV 85C Model Removal 'nreset'
Slack : 1.427
TNS   : 0.000

Type  : Slow 1200mV 85C Model Minimum Pulse Width 'clock'
Slack : -3.201
TNS   : -1442.903

Type  : Slow 1200mV 85C Model Minimum Pulse Width 'nreset'
Slack : -3.000
TNS   : -3.000

Type  : Slow 1200mV 85C Model Minimum Pulse Width 'SerialBlock:serialblock_inst|reader_trigger'
Slack : -1.487
TNS   : -129.369

Type  : Slow 1200mV 85C Model Minimum Pulse Width 'SerialBlock:serialblock_inst|ClockDiv:sclockdiv_inst|internal_clock'
Slack : -1.487
TNS   : -25.279

Type  : Slow 1200mV 0C Model Setup 'clock'
Slack : -9.902
TNS   : -3753.196

Type  : Slow 1200mV 0C Model Setup 'SerialBlock:serialblock_inst|ClockDiv:sclockdiv_inst|internal_clock'
Slack : -7.003
TNS   : -71.594

Type  : Slow 1200mV 0C Model Setup 'SerialBlock:serialblock_inst|reader_trigger'
Slack : -5.324
TNS   : -418.476

Type  : Slow 1200mV 0C Model Setup 'nreset'
Slack : -2.114
TNS   : -4.145

Type  : Slow 1200mV 0C Model Hold 'SerialBlock:serialblock_inst|ClockDiv:sclockdiv_inst|internal_clock'
Slack : 0.254
TNS   : 0.000

Type  : Slow 1200mV 0C Model Hold 'clock'
Slack : 0.352
TNS   : 0.000

Type  : Slow 1200mV 0C Model Hold 'SerialBlock:serialblock_inst|reader_trigger'
Slack : 0.403
TNS   : 0.000

Type  : Slow 1200mV 0C Model Hold 'nreset'
Slack : 1.169
TNS   : 0.000

Type  : Slow 1200mV 0C Model Recovery 'clock'
Slack : -2.928
TNS   : -21.696

Type  : Slow 1200mV 0C Model Recovery 'nreset'
Slack : -2.333
TNS   : -4.481

Type  : Slow 1200mV 0C Model Recovery 'SerialBlock:serialblock_inst|reader_trigger'
Slack : -0.102
TNS   : -7.121

Type  : Slow 1200mV 0C Model Recovery 'SerialBlock:serialblock_inst|ClockDiv:sclockdiv_inst|internal_clock'
Slack : 0.876
TNS   : 0.000

Type  : Slow 1200mV 0C Model Removal 'SerialBlock:serialblock_inst|ClockDiv:sclockdiv_inst|internal_clock'
Slack : -0.893
TNS   : -7.941

Type  : Slow 1200mV 0C Model Removal 'clock'
Slack : -0.114
TNS   : -11.724

Type  : Slow 1200mV 0C Model Removal 'SerialBlock:serialblock_inst|reader_trigger'
Slack : 0.137
TNS   : 0.000

Type  : Slow 1200mV 0C Model Removal 'nreset'
Slack : 1.318
TNS   : 0.000

Type  : Slow 1200mV 0C Model Minimum Pulse Width 'clock'
Slack : -3.201
TNS   : -1442.903

Type  : Slow 1200mV 0C Model Minimum Pulse Width 'nreset'
Slack : -3.000
TNS   : -3.000

Type  : Slow 1200mV 0C Model Minimum Pulse Width 'SerialBlock:serialblock_inst|reader_trigger'
Slack : -1.487
TNS   : -129.369

Type  : Slow 1200mV 0C Model Minimum Pulse Width 'SerialBlock:serialblock_inst|ClockDiv:sclockdiv_inst|internal_clock'
Slack : -1.487
TNS   : -25.279

Type  : Fast 1200mV 0C Model Setup 'clock'
Slack : -3.939
TNS   : -1280.682

Type  : Fast 1200mV 0C Model Setup 'SerialBlock:serialblock_inst|ClockDiv:sclockdiv_inst|internal_clock'
Slack : -2.550
TNS   : -24.563

Type  : Fast 1200mV 0C Model Setup 'SerialBlock:serialblock_inst|reader_trigger'
Slack : -1.901
TNS   : -144.097

Type  : Fast 1200mV 0C Model Setup 'nreset'
Slack : -0.487
TNS   : -0.854

Type  : Fast 1200mV 0C Model Hold 'clock'
Slack : 0.107
TNS   : 0.000

Type  : Fast 1200mV 0C Model Hold 'SerialBlock:serialblock_inst|ClockDiv:sclockdiv_inst|internal_clock'
Slack : 0.130
TNS   : 0.000

Type  : Fast 1200mV 0C Model Hold 'SerialBlock:serialblock_inst|reader_trigger'
Slack : 0.187
TNS   : 0.000

Type  : Fast 1200mV 0C Model Hold 'nreset'
Slack : 0.477
TNS   : 0.000

Type  : Fast 1200mV 0C Model Recovery 'clock'
Slack : -1.032
TNS   : -19.557

Type  : Fast 1200mV 0C Model Recovery 'nreset'
Slack : -0.681
TNS   : -1.321

Type  : Fast 1200mV 0C Model Recovery 'SerialBlock:serialblock_inst|reader_trigger'
Slack : -0.207
TNS   : -14.680

Type  : Fast 1200mV 0C Model Recovery 'SerialBlock:serialblock_inst|ClockDiv:sclockdiv_inst|internal_clock'
Slack : 0.216
TNS   : 0.000

Type  : Fast 1200mV 0C Model Removal 'SerialBlock:serialblock_inst|ClockDiv:sclockdiv_inst|internal_clock'
Slack : -0.394
TNS   : -3.488

Type  : Fast 1200mV 0C Model Removal 'clock'
Slack : -0.075
TNS   : -7.795

Type  : Fast 1200mV 0C Model Removal 'SerialBlock:serialblock_inst|reader_trigger'
Slack : 0.054
TNS   : 0.000

Type  : Fast 1200mV 0C Model Removal 'nreset'
Slack : 0.436
TNS   : 0.000

Type  : Fast 1200mV 0C Model Minimum Pulse Width 'clock'
Slack : -3.000
TNS   : -979.406

Type  : Fast 1200mV 0C Model Minimum Pulse Width 'nreset'
Slack : -3.000
TNS   : -3.000

Type  : Fast 1200mV 0C Model Minimum Pulse Width 'SerialBlock:serialblock_inst|reader_trigger'
Slack : -1.000
TNS   : -87.000

Type  : Fast 1200mV 0C Model Minimum Pulse Width 'SerialBlock:serialblock_inst|ClockDiv:sclockdiv_inst|internal_clock'
Slack : -1.000
TNS   : -17.000

------------------------------------------------------------
