------------------------------------------------------------
TimeQuest Timing Analyzer Summary
------------------------------------------------------------

Type  : Slow 1200mV 85C Model Setup 'XTEA:xteablock_inst|xtea_cstate.change_v0'
Slack : -13.805
TNS   : -413.381

Type  : Slow 1200mV 85C Model Setup 'XTEA:xteablock_inst|xtea_cstate.idle'
Slack : -13.670
TNS   : -1044.043

Type  : Slow 1200mV 85C Model Setup 'clock'
Slack : -10.569
TNS   : -3579.482

Type  : Slow 1200mV 85C Model Setup 'SerialBlock:serialblock_inst|SerialReader:serialreader_inst|c_state.idle'
Slack : -9.875
TNS   : -42.341

Type  : Slow 1200mV 85C Model Setup 'SerialBlock:serialblock_inst|SerialReader:serialreader_inst|c_state.read_data'
Slack : -9.481
TNS   : -471.952

Type  : Slow 1200mV 85C Model Setup 'nreset'
Slack : -8.306
TNS   : -84.261

Type  : Slow 1200mV 85C Model Setup 'XTEA:xteablock_inst|xtea_cstate.change_sum'
Slack : -7.371
TNS   : -199.974

Type  : Slow 1200mV 85C Model Setup 'SerialBlock:serialblock_inst|ClockDiv:sclockdiv_inst|internal_clock'
Slack : -5.933
TNS   : -83.255

Type  : Slow 1200mV 85C Model Setup 'XTEA:xteablock_inst|counter[0]'
Slack : -2.197
TNS   : -66.639

Type  : Slow 1200mV 85C Model Hold 'clock'
Slack : -1.863
TNS   : -3.724

Type  : Slow 1200mV 85C Model Hold 'XTEA:xteablock_inst|xtea_cstate.change_sum'
Slack : -1.159
TNS   : -20.923

Type  : Slow 1200mV 85C Model Hold 'XTEA:xteablock_inst|xtea_cstate.idle'
Slack : -0.942
TNS   : -38.638

Type  : Slow 1200mV 85C Model Hold 'XTEA:xteablock_inst|counter[0]'
Slack : -0.226
TNS   : -0.477

Type  : Slow 1200mV 85C Model Hold 'SerialBlock:serialblock_inst|SerialReader:serialreader_inst|c_state.read_data'
Slack : 0.223
TNS   : 0.000

Type  : Slow 1200mV 85C Model Hold 'SerialBlock:serialblock_inst|ClockDiv:sclockdiv_inst|internal_clock'
Slack : 0.453
TNS   : 0.000

Type  : Slow 1200mV 85C Model Hold 'XTEA:xteablock_inst|xtea_cstate.change_v0'
Slack : 1.166
TNS   : 0.000

Type  : Slow 1200mV 85C Model Hold 'nreset'
Slack : 1.585
TNS   : 0.000

Type  : Slow 1200mV 85C Model Hold 'SerialBlock:serialblock_inst|SerialReader:serialreader_inst|c_state.idle'
Slack : 2.269
TNS   : 0.000

Type  : Slow 1200mV 85C Model Recovery 'SerialBlock:serialblock_inst|SerialReader:serialreader_inst|c_state.read_data'
Slack : -3.723
TNS   : -123.602

Type  : Slow 1200mV 85C Model Recovery 'clock'
Slack : -1.867
TNS   : -144.621

Type  : Slow 1200mV 85C Model Recovery 'SerialBlock:serialblock_inst|SerialReader:serialreader_inst|c_state.idle'
Slack : -1.594
TNS   : -1.594

Type  : Slow 1200mV 85C Model Recovery 'SerialBlock:serialblock_inst|ClockDiv:sclockdiv_inst|internal_clock'
Slack : -1.112
TNS   : -9.630

Type  : Slow 1200mV 85C Model Removal 'SerialBlock:serialblock_inst|SerialReader:serialreader_inst|c_state.read_data'
Slack : -0.470
TNS   : -2.296

Type  : Slow 1200mV 85C Model Removal 'SerialBlock:serialblock_inst|SerialReader:serialreader_inst|c_state.idle'
Slack : 0.654
TNS   : 0.000

Type  : Slow 1200mV 85C Model Removal 'clock'
Slack : 0.998
TNS   : 0.000

Type  : Slow 1200mV 85C Model Removal 'SerialBlock:serialblock_inst|ClockDiv:sclockdiv_inst|internal_clock'
Slack : 1.130
TNS   : 0.000

Type  : Slow 1200mV 85C Model Minimum Pulse Width 'clock'
Slack : -3.201
TNS   : -1038.439

Type  : Slow 1200mV 85C Model Minimum Pulse Width 'nreset'
Slack : -3.000
TNS   : -3.000

Type  : Slow 1200mV 85C Model Minimum Pulse Width 'SerialBlock:serialblock_inst|ClockDiv:sclockdiv_inst|internal_clock'
Slack : -1.487
TNS   : -25.279

Type  : Slow 1200mV 85C Model Minimum Pulse Width 'SerialBlock:serialblock_inst|SerialReader:serialreader_inst|c_state.read_data'
Slack : 0.234
TNS   : 0.000

Type  : Slow 1200mV 85C Model Minimum Pulse Width 'XTEA:xteablock_inst|xtea_cstate.idle'
Slack : 0.256
TNS   : 0.000

Type  : Slow 1200mV 85C Model Minimum Pulse Width 'XTEA:xteablock_inst|counter[0]'
Slack : 0.265
TNS   : 0.000

Type  : Slow 1200mV 85C Model Minimum Pulse Width 'SerialBlock:serialblock_inst|SerialReader:serialreader_inst|c_state.idle'
Slack : 0.364
TNS   : 0.000

Type  : Slow 1200mV 85C Model Minimum Pulse Width 'XTEA:xteablock_inst|xtea_cstate.change_sum'
Slack : 0.392
TNS   : 0.000

Type  : Slow 1200mV 85C Model Minimum Pulse Width 'XTEA:xteablock_inst|xtea_cstate.change_v0'
Slack : 0.397
TNS   : 0.000

Type  : Slow 1200mV 0C Model Setup 'XTEA:xteablock_inst|xtea_cstate.change_v0'
Slack : -13.079
TNS   : -393.823

Type  : Slow 1200mV 0C Model Setup 'XTEA:xteablock_inst|xtea_cstate.idle'
Slack : -12.738
TNS   : -967.921

Type  : Slow 1200mV 0C Model Setup 'clock'
Slack : -9.716
TNS   : -3299.162

Type  : Slow 1200mV 0C Model Setup 'SerialBlock:serialblock_inst|SerialReader:serialreader_inst|c_state.idle'
Slack : -9.154
TNS   : -39.435

Type  : Slow 1200mV 0C Model Setup 'SerialBlock:serialblock_inst|SerialReader:serialreader_inst|c_state.read_data'
Slack : -8.941
TNS   : -442.152

Type  : Slow 1200mV 0C Model Setup 'nreset'
Slack : -7.722
TNS   : -81.627

Type  : Slow 1200mV 0C Model Setup 'XTEA:xteablock_inst|xtea_cstate.change_sum'
Slack : -6.819
TNS   : -185.542

Type  : Slow 1200mV 0C Model Setup 'SerialBlock:serialblock_inst|ClockDiv:sclockdiv_inst|internal_clock'
Slack : -5.577
TNS   : -77.691

Type  : Slow 1200mV 0C Model Setup 'XTEA:xteablock_inst|counter[0]'
Slack : -2.121
TNS   : -61.018

Type  : Slow 1200mV 0C Model Hold 'clock'
Slack : -1.687
TNS   : -3.372

Type  : Slow 1200mV 0C Model Hold 'XTEA:xteablock_inst|xtea_cstate.change_sum'
Slack : -1.024
TNS   : -18.271

Type  : Slow 1200mV 0C Model Hold 'XTEA:xteablock_inst|xtea_cstate.idle'
Slack : -0.702
TNS   : -36.960

Type  : Slow 1200mV 0C Model Hold 'XTEA:xteablock_inst|counter[0]'
Slack : -0.212
TNS   : -0.544

Type  : Slow 1200mV 0C Model Hold 'SerialBlock:serialblock_inst|SerialReader:serialreader_inst|c_state.read_data'
Slack : 0.206
TNS   : 0.000

Type  : Slow 1200mV 0C Model Hold 'SerialBlock:serialblock_inst|ClockDiv:sclockdiv_inst|internal_clock'
Slack : 0.402
TNS   : 0.000

Type  : Slow 1200mV 0C Model Hold 'XTEA:xteablock_inst|xtea_cstate.change_v0'
Slack : 1.032
TNS   : 0.000

Type  : Slow 1200mV 0C Model Hold 'nreset'
Slack : 1.378
TNS   : 0.000

Type  : Slow 1200mV 0C Model Hold 'SerialBlock:serialblock_inst|SerialReader:serialreader_inst|c_state.idle'
Slack : 2.108
TNS   : 0.000

Type  : Slow 1200mV 0C Model Recovery 'SerialBlock:serialblock_inst|SerialReader:serialreader_inst|c_state.read_data'
Slack : -3.838
TNS   : -122.333

Type  : Slow 1200mV 0C Model Recovery 'clock'
Slack : -1.583
TNS   : -120.665

Type  : Slow 1200mV 0C Model Recovery 'SerialBlock:serialblock_inst|SerialReader:serialreader_inst|c_state.idle'
Slack : -1.397
TNS   : -1.397

Type  : Slow 1200mV 0C Model Recovery 'SerialBlock:serialblock_inst|ClockDiv:sclockdiv_inst|internal_clock'
Slack : -0.863
TNS   : -7.448

Type  : Slow 1200mV 0C Model Removal 'SerialBlock:serialblock_inst|SerialReader:serialreader_inst|c_state.read_data'
Slack : -0.386
TNS   : -1.745

Type  : Slow 1200mV 0C Model Removal 'SerialBlock:serialblock_inst|SerialReader:serialreader_inst|c_state.idle'
Slack : 0.711
TNS   : 0.000

Type  : Slow 1200mV 0C Model Removal 'clock'
Slack : 1.026
TNS   : 0.000

Type  : Slow 1200mV 0C Model Removal 'SerialBlock:serialblock_inst|ClockDiv:sclockdiv_inst|internal_clock'
Slack : 1.161
TNS   : 0.000

Type  : Slow 1200mV 0C Model Minimum Pulse Width 'clock'
Slack : -3.201
TNS   : -1038.441

Type  : Slow 1200mV 0C Model Minimum Pulse Width 'nreset'
Slack : -3.000
TNS   : -6.544

Type  : Slow 1200mV 0C Model Minimum Pulse Width 'SerialBlock:serialblock_inst|ClockDiv:sclockdiv_inst|internal_clock'
Slack : -1.487
TNS   : -25.279

Type  : Slow 1200mV 0C Model Minimum Pulse Width 'SerialBlock:serialblock_inst|SerialReader:serialreader_inst|c_state.read_data'
Slack : -0.062
TNS   : -0.624

Type  : Slow 1200mV 0C Model Minimum Pulse Width 'XTEA:xteablock_inst|counter[0]'
Slack : 0.079
TNS   : 0.000

Type  : Slow 1200mV 0C Model Minimum Pulse Width 'XTEA:xteablock_inst|xtea_cstate.idle'
Slack : 0.143
TNS   : 0.000

Type  : Slow 1200mV 0C Model Minimum Pulse Width 'XTEA:xteablock_inst|xtea_cstate.change_sum'
Slack : 0.223
TNS   : 0.000

Type  : Slow 1200mV 0C Model Minimum Pulse Width 'XTEA:xteablock_inst|xtea_cstate.change_v0'
Slack : 0.233
TNS   : 0.000

Type  : Slow 1200mV 0C Model Minimum Pulse Width 'SerialBlock:serialblock_inst|SerialReader:serialreader_inst|c_state.idle'
Slack : 0.307
TNS   : 0.000

Type  : Fast 1200mV 0C Model Setup 'XTEA:xteablock_inst|xtea_cstate.idle'
Slack : -6.034
TNS   : -423.951

Type  : Fast 1200mV 0C Model Setup 'XTEA:xteablock_inst|xtea_cstate.change_v0'
Slack : -5.916
TNS   : -173.725

Type  : Fast 1200mV 0C Model Setup 'SerialBlock:serialblock_inst|SerialReader:serialreader_inst|c_state.read_data'
Slack : -4.367
TNS   : -214.721

Type  : Fast 1200mV 0C Model Setup 'SerialBlock:serialblock_inst|SerialReader:serialreader_inst|c_state.idle'
Slack : -4.247
TNS   : -17.057

Type  : Fast 1200mV 0C Model Setup 'clock'
Slack : -3.748
TNS   : -1176.174

Type  : Fast 1200mV 0C Model Setup 'nreset'
Slack : -3.139
TNS   : -26.981

Type  : Fast 1200mV 0C Model Setup 'XTEA:xteablock_inst|xtea_cstate.change_sum'
Slack : -3.054
TNS   : -80.337

Type  : Fast 1200mV 0C Model Setup 'SerialBlock:serialblock_inst|ClockDiv:sclockdiv_inst|internal_clock'
Slack : -2.079
TNS   : -26.759

Type  : Fast 1200mV 0C Model Setup 'XTEA:xteablock_inst|counter[0]'
Slack : -0.481
TNS   : -11.301

Type  : Fast 1200mV 0C Model Hold 'clock'
Slack : -0.910
TNS   : -1.819

Type  : Fast 1200mV 0C Model Hold 'XTEA:xteablock_inst|xtea_cstate.idle'
Slack : -0.642
TNS   : -23.858

Type  : Fast 1200mV 0C Model Hold 'XTEA:xteablock_inst|xtea_cstate.change_sum'
Slack : -0.511
TNS   : -9.002

Type  : Fast 1200mV 0C Model Hold 'XTEA:xteablock_inst|counter[0]'
Slack : -0.089
TNS   : -0.096

Type  : Fast 1200mV 0C Model Hold 'SerialBlock:serialblock_inst|SerialReader:serialreader_inst|c_state.read_data'
Slack : 0.031
TNS   : 0.000

Type  : Fast 1200mV 0C Model Hold 'SerialBlock:serialblock_inst|ClockDiv:sclockdiv_inst|internal_clock'
Slack : 0.187
TNS   : 0.000

Type  : Fast 1200mV 0C Model Hold 'nreset'
Slack : 0.415
TNS   : 0.000

Type  : Fast 1200mV 0C Model Hold 'XTEA:xteablock_inst|xtea_cstate.change_v0'
Slack : 0.529
TNS   : 0.000

Type  : Fast 1200mV 0C Model Hold 'SerialBlock:serialblock_inst|SerialReader:serialreader_inst|c_state.idle'
Slack : 1.055
TNS   : 0.000

Type  : Fast 1200mV 0C Model Recovery 'SerialBlock:serialblock_inst|SerialReader:serialreader_inst|c_state.read_data'
Slack : -2.061
TNS   : -67.423

Type  : Fast 1200mV 0C Model Recovery 'clock'
Slack : -1.106
TNS   : -94.587

Type  : Fast 1200mV 0C Model Recovery 'SerialBlock:serialblock_inst|SerialReader:serialreader_inst|c_state.idle'
Slack : -0.859
TNS   : -0.859

Type  : Fast 1200mV 0C Model Recovery 'SerialBlock:serialblock_inst|ClockDiv:sclockdiv_inst|internal_clock'
Slack : -0.788
TNS   : -6.958

Type  : Fast 1200mV 0C Model Removal 'SerialBlock:serialblock_inst|SerialReader:serialreader_inst|c_state.read_data'
Slack : 0.067
TNS   : 0.000

Type  : Fast 1200mV 0C Model Removal 'SerialBlock:serialblock_inst|SerialReader:serialreader_inst|c_state.idle'
Slack : 0.247
TNS   : 0.000

Type  : Fast 1200mV 0C Model Removal 'clock'
Slack : 0.333
TNS   : 0.000

Type  : Fast 1200mV 0C Model Removal 'SerialBlock:serialblock_inst|ClockDiv:sclockdiv_inst|internal_clock'
Slack : 0.373
TNS   : 0.000

Type  : Fast 1200mV 0C Model Minimum Pulse Width 'clock'
Slack : -3.000
TNS   : -693.082

Type  : Fast 1200mV 0C Model Minimum Pulse Width 'nreset'
Slack : -3.000
TNS   : -5.575

Type  : Fast 1200mV 0C Model Minimum Pulse Width 'SerialBlock:serialblock_inst|ClockDiv:sclockdiv_inst|internal_clock'
Slack : -1.000
TNS   : -17.000

Type  : Fast 1200mV 0C Model Minimum Pulse Width 'SerialBlock:serialblock_inst|SerialReader:serialreader_inst|c_state.read_data'
Slack : 0.248
TNS   : 0.000

Type  : Fast 1200mV 0C Model Minimum Pulse Width 'XTEA:xteablock_inst|xtea_cstate.idle'
Slack : 0.305
TNS   : 0.000

Type  : Fast 1200mV 0C Model Minimum Pulse Width 'XTEA:xteablock_inst|xtea_cstate.change_v0'
Slack : 0.306
TNS   : 0.000

Type  : Fast 1200mV 0C Model Minimum Pulse Width 'XTEA:xteablock_inst|xtea_cstate.change_sum'
Slack : 0.310
TNS   : 0.000

Type  : Fast 1200mV 0C Model Minimum Pulse Width 'SerialBlock:serialblock_inst|SerialReader:serialreader_inst|c_state.idle'
Slack : 0.348
TNS   : 0.000

Type  : Fast 1200mV 0C Model Minimum Pulse Width 'XTEA:xteablock_inst|counter[0]'
Slack : 0.358
TNS   : 0.000

------------------------------------------------------------
