------------------------------------------------------------
TimeQuest Timing Analyzer Summary
------------------------------------------------------------

Type  : Slow 1200mV 85C Model Setup 'XTEA:xteablock_inst|xtea_cstate.change_v1'
Slack : -13.524
TNS   : -402.095

Type  : Slow 1200mV 85C Model Setup 'XTEA:xteablock_inst|xtea_cstate.change_v0'
Slack : -13.461
TNS   : -373.761

Type  : Slow 1200mV 85C Model Setup 'XTEA:xteablock_inst|xtea_cstate.idle'
Slack : -13.010
TNS   : -958.626

Type  : Slow 1200mV 85C Model Setup 'SerialBlock:serialblock_inst|SerialReader:serialreader_inst|c_state.read_data'
Slack : -8.137
TNS   : -771.753

Type  : Slow 1200mV 85C Model Setup 'clock'
Slack : -4.043
TNS   : -167.446

Type  : Slow 1200mV 85C Model Setup 'controller_cstate.idle'
Slack : -2.338
TNS   : -6.583

Type  : Slow 1200mV 85C Model Setup 'SerialBlock:serialblock_inst|ClockDiv:clockdiv_inst|div_out'
Slack : -1.733
TNS   : -4.448

Type  : Slow 1200mV 85C Model Hold 'controller_cstate.idle'
Slack : -0.096
TNS   : -0.096

Type  : Slow 1200mV 85C Model Hold 'clock'
Slack : 0.452
TNS   : 0.000

Type  : Slow 1200mV 85C Model Hold 'SerialBlock:serialblock_inst|ClockDiv:clockdiv_inst|div_out'
Slack : 0.453
TNS   : 0.000

Type  : Slow 1200mV 85C Model Minimum Pulse Width 'clock'
Slack : -3.000
TNS   : -2435.732

Type  : Slow 1200mV 85C Model Minimum Pulse Width 'nreset'
Slack : -3.000
TNS   : -3.000

Type  : Slow 1200mV 85C Model Minimum Pulse Width 'SerialBlock:serialblock_inst|ClockDiv:sclockdiv_inst|internal_clock'
Slack : -1.487
TNS   : -23.792

Type  : Slow 1200mV 85C Model Minimum Pulse Width 'SerialBlock:serialblock_inst|ClockDiv:rclockdiv_inst|internal_clock'
Slack : -1.487
TNS   : -5.948

Type  : Slow 1200mV 85C Model Minimum Pulse Width 'SerialBlock:serialblock_inst|SerialReader:serialreader_inst|c_state.read_data'
Slack : -0.162
TNS   : -0.897

Type  : Slow 1200mV 85C Model Minimum Pulse Width 'XTEA:xteablock_inst|counter[0]'
Slack : 0.192
TNS   : 0.000

Type  : Slow 1200mV 85C Model Minimum Pulse Width 'controller_cstate.idle'
Slack : 0.415
TNS   : 0.000

Type  : Slow 1200mV 0C Model Setup 'XTEA:xteablock_inst|xtea_cstate.change_v1'
Slack : -12.752
TNS   : -382.349

Type  : Slow 1200mV 0C Model Setup 'XTEA:xteablock_inst|xtea_cstate.change_v0'
Slack : -12.621
TNS   : -353.416

Type  : Slow 1200mV 0C Model Setup 'XTEA:xteablock_inst|xtea_cstate.idle'
Slack : -12.207
TNS   : -896.863

Type  : Slow 1200mV 0C Model Setup 'SerialBlock:serialblock_inst|SerialReader:serialreader_inst|c_state.read_data'
Slack : -7.765
TNS   : -731.921

Type  : Slow 1200mV 0C Model Setup 'SerialBlock:serialblock_inst|SerialReader:serialreader_inst|c_state.idle'
Slack : -6.960
TNS   : -86.091

Type  : Slow 1200mV 0C Model Setup 'clock'
Slack : -3.762
TNS   : -151.432

Type  : Slow 1200mV 0C Model Setup 'controller_cstate.idle'
Slack : -2.323
TNS   : -6.495

Type  : Slow 1200mV 0C Model Setup 'SerialBlock:serialblock_inst|ClockDiv:clockdiv_inst|div_out'
Slack : -1.547
TNS   : -3.741

Type  : Slow 1200mV 0C Model Hold 'controller_cstate.idle'
Slack : -0.086
TNS   : -0.086

Type  : Slow 1200mV 0C Model Hold 'SerialBlock:serialblock_inst|ClockDiv:clockdiv_inst|div_out'
Slack : 0.401
TNS   : 0.000

Type  : Slow 1200mV 0C Model Hold 'clock'
Slack : 0.401
TNS   : 0.000

Type  : Slow 1200mV 0C Model Minimum Pulse Width 'clock'
Slack : -3.000
TNS   : -2435.732

Type  : Slow 1200mV 0C Model Minimum Pulse Width 'nreset'
Slack : -3.000
TNS   : -3.000

Type  : Slow 1200mV 0C Model Minimum Pulse Width 'SerialBlock:serialblock_inst|ClockDiv:sclockdiv_inst|internal_clock'
Slack : -1.487
TNS   : -23.792

Type  : Slow 1200mV 0C Model Minimum Pulse Width 'SerialBlock:serialblock_inst|ClockDiv:rclockdiv_inst|internal_clock'
Slack : -1.487
TNS   : -5.948

Type  : Slow 1200mV 0C Model Minimum Pulse Width 'SerialBlock:serialblock_inst|SerialReader:serialreader_inst|c_state.read_data'
Slack : -0.336
TNS   : -1.962

Type  : Slow 1200mV 0C Model Minimum Pulse Width 'controller_cstate.idle'
Slack : 0.395
TNS   : 0.000

Type  : Fast 1200mV 0C Model Setup 'XTEA:xteablock_inst|xtea_cstate.change_v1'
Slack : -5.588
TNS   : -164.228

Type  : Fast 1200mV 0C Model Setup 'XTEA:xteablock_inst|xtea_cstate.change_v0'
Slack : -5.471
TNS   : -151.046

Type  : Fast 1200mV 0C Model Setup 'XTEA:xteablock_inst|xtea_cstate.idle'
Slack : -5.366
TNS   : -355.686

Type  : Fast 1200mV 0C Model Setup 'clock'
Slack : -1.143
TNS   : -32.313

Type  : Fast 1200mV 0C Model Setup 'controller_cstate.idle'
Slack : -0.638
TNS   : -1.530

Type  : Fast 1200mV 0C Model Setup 'SerialBlock:serialblock_inst|ClockDiv:clockdiv_inst|div_out'
Slack : -0.115
TNS   : -0.119

Type  : Fast 1200mV 0C Model Hold 'controller_cstate.idle'
Slack : 0.064
TNS   : 0.000

Type  : Fast 1200mV 0C Model Hold 'SerialBlock:serialblock_inst|ClockDiv:clockdiv_inst|div_out'
Slack : 0.153
TNS   : 0.000

Type  : Fast 1200mV 0C Model Hold 'clock'
Slack : 0.186
TNS   : 0.000

Type  : Fast 1200mV 0C Model Minimum Pulse Width 'clock'
Slack : -3.000
TNS   : -79.540

Type  : Fast 1200mV 0C Model Minimum Pulse Width 'SerialBlock:serialblock_inst|ClockDiv:sclockdiv_inst|internal_clock'
Slack : -1.000
TNS   : -16.000

Type  : Fast 1200mV 0C Model Minimum Pulse Width 'SerialBlock:serialblock_inst|ClockDiv:rclockdiv_inst|internal_clock'
Slack : -1.000
TNS   : -4.000

Type  : Fast 1200mV 0C Model Minimum Pulse Width 'controller_cstate.idle'
Slack : 0.382
TNS   : 0.000

------------------------------------------------------------
