------------------------------------------------------------
Timing Analyzer Summary
------------------------------------------------------------

Type  : Slow 1200mV 85C Model Setup 'clock'
Slack : -4.043
TNS   : -167.446

Type  : Slow 1200mV 85C Model Setup 'controller_cstate.idle'
Slack : -2.338
TNS   : -6.583

Type  : Slow 1200mV 85C Model Setup 'SerialBlock:serialblock_inst|ClockDiv:clockdiv_inst|div_out'
Slack : -1.733
TNS   : -4.448

Type  : Slow 1200mV 85C Model Hold 'controller_cstate.idle'
Slack : -0.096
TNS   : -0.096

Type  : Slow 1200mV 85C Model Hold 'clock'
Slack : 0.452
TNS   : 0.000

Type  : Slow 1200mV 85C Model Hold 'SerialBlock:serialblock_inst|ClockDiv:clockdiv_inst|div_out'
Slack : 0.453
TNS   : 0.000

Type  : Slow 1200mV 85C Model Minimum Pulse Width 'clock'
Slack : -3.000
TNS   : -110.064

Type  : Slow 1200mV 85C Model Minimum Pulse Width 'SerialBlock:serialblock_inst|ClockDiv:clockdiv_inst|div_out'
Slack : -1.487
TNS   : -8.922

Type  : Slow 1200mV 85C Model Minimum Pulse Width 'controller_cstate.idle'
Slack : 0.415
TNS   : 0.000

Type  : Slow 1200mV 0C Model Setup 'clock'
Slack : -3.762
TNS   : -151.432

Type  : Slow 1200mV 0C Model Setup 'controller_cstate.idle'
Slack : -2.323
TNS   : -6.495

Type  : Slow 1200mV 0C Model Setup 'SerialBlock:serialblock_inst|ClockDiv:clockdiv_inst|div_out'
Slack : -1.547
TNS   : -3.741

Type  : Slow 1200mV 0C Model Hold 'controller_cstate.idle'
Slack : -0.086
TNS   : -0.086

Type  : Slow 1200mV 0C Model Hold 'SerialBlock:serialblock_inst|ClockDiv:clockdiv_inst|div_out'
Slack : 0.401
TNS   : 0.000

Type  : Slow 1200mV 0C Model Hold 'clock'
Slack : 0.401
TNS   : 0.000

Type  : Slow 1200mV 0C Model Minimum Pulse Width 'clock'
Slack : -3.000
TNS   : -110.064

Type  : Slow 1200mV 0C Model Minimum Pulse Width 'SerialBlock:serialblock_inst|ClockDiv:clockdiv_inst|div_out'
Slack : -1.487
TNS   : -8.922

Type  : Slow 1200mV 0C Model Minimum Pulse Width 'controller_cstate.idle'
Slack : 0.395
TNS   : 0.000

Type  : Fast 1200mV 0C Model Setup 'clock'
Slack : -1.143
TNS   : -32.313

Type  : Fast 1200mV 0C Model Setup 'controller_cstate.idle'
Slack : -0.638
TNS   : -1.530

Type  : Fast 1200mV 0C Model Setup 'SerialBlock:serialblock_inst|ClockDiv:clockdiv_inst|div_out'
Slack : -0.115
TNS   : -0.119

Type  : Fast 1200mV 0C Model Hold 'controller_cstate.idle'
Slack : 0.064
TNS   : 0.000

Type  : Fast 1200mV 0C Model Hold 'SerialBlock:serialblock_inst|ClockDiv:clockdiv_inst|div_out'
Slack : 0.153
TNS   : 0.000

Type  : Fast 1200mV 0C Model Hold 'clock'
Slack : 0.186
TNS   : 0.000

Type  : Fast 1200mV 0C Model Minimum Pulse Width 'clock'
Slack : -3.000
TNS   : -79.540

Type  : Fast 1200mV 0C Model Minimum Pulse Width 'SerialBlock:serialblock_inst|ClockDiv:clockdiv_inst|div_out'
Slack : -1.000
TNS   : -6.000

Type  : Fast 1200mV 0C Model Minimum Pulse Width 'controller_cstate.idle'
Slack : 0.382
TNS   : 0.000

------------------------------------------------------------
