------------------------------------------------------------
Timing Analyzer Summary
------------------------------------------------------------

Type  : Slow 1200mV 85C Model Setup 'clock'
Slack : -4.004
TNS   : -169.282

Type  : Slow 1200mV 85C Model Setup 'controller_cstate.idle'
Slack : -2.803
TNS   : -7.622

Type  : Slow 1200mV 85C Model Setup 'SerialBlock:serialblock_inst|ClockDiv:clockdiv_inst|div_out'
Slack : -1.621
TNS   : -4.011

Type  : Slow 1200mV 85C Model Hold 'controller_cstate.idle'
Slack : 0.249
TNS   : 0.000

Type  : Slow 1200mV 85C Model Hold 'clock'
Slack : 0.452
TNS   : 0.000

Type  : Slow 1200mV 85C Model Hold 'SerialBlock:serialblock_inst|ClockDiv:clockdiv_inst|div_out'
Slack : 0.453
TNS   : 0.000

Type  : Slow 1200mV 85C Model Minimum Pulse Width 'clock'
Slack : -3.000
TNS   : -110.064

Type  : Slow 1200mV 85C Model Minimum Pulse Width 'SerialBlock:serialblock_inst|ClockDiv:clockdiv_inst|div_out'
Slack : -1.487
TNS   : -8.922

Type  : Slow 1200mV 85C Model Minimum Pulse Width 'controller_cstate.idle'
Slack : 0.422
TNS   : 0.000

Type  : Slow 1200mV 0C Model Setup 'clock'
Slack : -3.723
TNS   : -153.727

Type  : Slow 1200mV 0C Model Setup 'controller_cstate.idle'
Slack : -2.692
TNS   : -7.316

Type  : Slow 1200mV 0C Model Setup 'SerialBlock:serialblock_inst|ClockDiv:clockdiv_inst|div_out'
Slack : -1.417
TNS   : -3.429

Type  : Slow 1200mV 0C Model Hold 'controller_cstate.idle'
Slack : 0.194
TNS   : 0.000

Type  : Slow 1200mV 0C Model Hold 'SerialBlock:serialblock_inst|ClockDiv:clockdiv_inst|div_out'
Slack : 0.401
TNS   : 0.000

Type  : Slow 1200mV 0C Model Hold 'clock'
Slack : 0.401
TNS   : 0.000

Type  : Slow 1200mV 0C Model Minimum Pulse Width 'clock'
Slack : -3.000
TNS   : -110.064

Type  : Slow 1200mV 0C Model Minimum Pulse Width 'SerialBlock:serialblock_inst|ClockDiv:clockdiv_inst|div_out'
Slack : -1.487
TNS   : -8.922

Type  : Slow 1200mV 0C Model Minimum Pulse Width 'controller_cstate.idle'
Slack : 0.436
TNS   : 0.000

Type  : Fast 1200mV 0C Model Setup 'clock'
Slack : -1.098
TNS   : -32.700

Type  : Fast 1200mV 0C Model Setup 'controller_cstate.idle'
Slack : -0.829
TNS   : -2.000

Type  : Fast 1200mV 0C Model Setup 'SerialBlock:serialblock_inst|ClockDiv:clockdiv_inst|div_out'
Slack : -0.092
TNS   : -0.095

Type  : Fast 1200mV 0C Model Hold 'controller_cstate.idle'
Slack : 0.125
TNS   : 0.000

Type  : Fast 1200mV 0C Model Hold 'SerialBlock:serialblock_inst|ClockDiv:clockdiv_inst|div_out'
Slack : 0.173
TNS   : 0.000

Type  : Fast 1200mV 0C Model Hold 'clock'
Slack : 0.186
TNS   : 0.000

Type  : Fast 1200mV 0C Model Minimum Pulse Width 'clock'
Slack : -3.000
TNS   : -79.572

Type  : Fast 1200mV 0C Model Minimum Pulse Width 'SerialBlock:serialblock_inst|ClockDiv:clockdiv_inst|div_out'
Slack : -1.000
TNS   : -6.000

Type  : Fast 1200mV 0C Model Minimum Pulse Width 'controller_cstate.idle'
Slack : 0.396
TNS   : 0.000

------------------------------------------------------------
